[2024-02-26T18:06:53.107+0300][info][gc] Using The Z Garbage Collector
[2024-02-26T18:06:53.239+0300][info][gc] GC(0) Garbage Collection (Warmup) 6M(30%)->4M(20%)
[2024-02-26T18:06:53.339+0300][info][gc] GC(1) Garbage Collection (Warmup) 4M(20%)->4M(20%)
[2024-02-26T18:06:59.449+0300][info][gc] GC(2) Garbage Collection (Warmup) 6M(30%)->4M(20%)
[2024-02-26T18:06:59.597+0300][info][gc] Allocation Stall (Common-Cleaner) 1.243ms
[2024-02-26T18:06:59.598+0300][info][gc] Relocation Stall (Attach Listener) 1.359ms
[2024-02-26T18:06:59.598+0300][info][gc] Allocation Stall (Attach Listener) 9.008ms
[2024-02-26T18:06:59.599+0300][info][gc] GC(3) Garbage Collection (Allocation Stall) 20M(100%)->8M(40%)
[2024-02-26T18:06:59.640+0300][info][gc] GC(4) Garbage Collection (Allocation Stall) 10M(50%)->8M(40%)
[2024-02-26T18:06:59.742+0300][info][gc] GC(5) Garbage Collection (Allocation Rate) 16M(80%)->10M(50%)
[2024-02-26T18:06:59.840+0300][info][gc] GC(6) Garbage Collection (Allocation Rate) 12M(60%)->10M(50%)
[2024-02-26T18:06:59.946+0300][info][gc] GC(7) Garbage Collection (Allocation Rate) 10M(50%)->10M(50%)
[2024-02-26T18:07:00.057+0300][info][gc] GC(8) Garbage Collection (Allocation Rate) 10M(50%)->10M(50%)
[2024-02-26T18:07:00.163+0300][info][gc] GC(9) Garbage Collection (Allocation Rate) 10M(50%)->10M(50%)
[2024-02-26T18:07:00.263+0300][info][gc] GC(10) Garbage Collection (Allocation Rate) 10M(50%)->10M(50%)
[2024-02-26T18:07:00.365+0300][info][gc] GC(11) Garbage Collection (Allocation Rate) 10M(50%)->10M(50%)
[2024-02-26T18:07:00.461+0300][info][gc] GC(12) Garbage Collection (Allocation Rate) 10M(50%)->10M(50%)
[2024-02-26T18:07:00.558+0300][info][gc] GC(13) Garbage Collection (Allocation Rate) 10M(50%)->10M(50%)
[2024-02-26T18:07:00.661+0300][info][gc] GC(14) Garbage Collection (Allocation Rate) 10M(50%)->10M(50%)
[2024-02-26T18:07:00.762+0300][info][gc] GC(15) Garbage Collection (Allocation Rate) 10M(50%)->10M(50%)
[2024-02-26T18:07:00.846+0300][info][gc] GC(16) Garbage Collection (Allocation Rate) 10M(50%)->10M(50%)
[2024-02-26T18:07:00.960+0300][info][gc] GC(17) Garbage Collection (Allocation Rate) 10M(50%)->10M(50%)
[2024-02-26T18:07:01.064+0300][info][gc] GC(18) Garbage Collection (Allocation Rate) 10M(50%)->10M(50%)
[2024-02-26T18:07:01.162+0300][info][gc] GC(19) Garbage Collection (Allocation Rate) 10M(50%)->10M(50%)
[2024-02-26T18:07:01.258+0300][info][gc] GC(20) Garbage Collection (Allocation Rate) 10M(50%)->10M(50%)
[2024-02-26T18:07:01.360+0300][info][gc] GC(21) Garbage Collection (Allocation Rate) 10M(50%)->10M(50%)
[2024-02-26T18:07:01.465+0300][info][gc] GC(22) Garbage Collection (Allocation Rate) 10M(50%)->10M(50%)
[2024-02-26T18:07:08.861+0300][info][gc] GC(23) Garbage Collection (Proactive) 12M(60%)->8M(40%)
[2024-02-26T18:07:10.764+0300][info][gc] GC(24) Garbage Collection (Proactive) 10M(50%)->8M(40%)
[2024-02-26T18:07:12.854+0300][info][gc] GC(25) Garbage Collection (Proactive) 10M(50%)->8M(40%)
[2024-02-26T18:07:15.105+0300][info][gc] GC(26) Garbage Collection (Proactive) 10M(50%)->8M(40%)
[2024-02-26T18:07:21.555+0300][info][gc] GC(27) Garbage Collection (Proactive) 12M(60%)->12M(60%)
[2024-02-26T18:07:31.964+0300][info][gc] GC(28) Garbage Collection (Proactive) 14M(70%)->10M(50%)
[2024-02-26T18:07:35.562+0300][info][gc] GC(29) Garbage Collection (Proactive) 12M(60%)->10M(50%)
[2024-02-26T18:07:38.360+0300][info][gc] GC(30) Garbage Collection (Proactive) 12M(60%)->10M(50%)
[2024-02-26T18:07:40.602+0300][info][gc] Allocation Stall (main) 14.607ms
[2024-02-26T18:07:40.603+0300][info][gc] GC(31) Garbage Collection (Allocation Stall) 20M(100%)->14M(70%)
[2024-02-26T18:07:40.619+0300][info][gc] Allocation Stall (main) 9.463ms
[2024-02-26T18:07:40.620+0300][info][gc] GC(32) Garbage Collection (Allocation Stall) 20M(100%)->16M(80%)
[2024-02-26T18:07:40.633+0300][info][gc] Allocation Stall (main) 8.143ms
[2024-02-26T18:07:40.633+0300][info][gc] GC(33) Garbage Collection (Allocation Stall) 20M(100%)->16M(80%)
[2024-02-26T18:07:40.641+0300][info][gc] Allocation Stall (main) 4.519ms
[2024-02-26T18:07:40.641+0300][info][gc] GC(34) Garbage Collection (Allocation Rate) 16M(80%)->20M(100%)
[2024-02-26T18:07:40.649+0300][info][gc] Allocation Stall (main) 7.169ms
[2024-02-26T18:07:40.650+0300][info][gc] GC(35) Garbage Collection (Allocation Stall) 20M(100%)->18M(90%)
[2024-02-26T18:07:40.744+0300][info][gc] GC(36) Garbage Collection (Allocation Rate) 20M(100%)->10M(50%)
[2024-02-26T18:07:40.842+0300][info][gc] GC(37) Garbage Collection (Allocation Rate) 10M(50%)->10M(50%)
[2024-02-26T18:07:40.946+0300][info][gc] GC(38) Garbage Collection (Allocation Rate) 12M(60%)->10M(50%)
[2024-02-26T18:07:41.051+0300][info][gc] GC(39) Garbage Collection (Allocation Rate) 10M(50%)->10M(50%)
[2024-02-26T18:07:41.157+0300][info][gc] GC(40) Garbage Collection (Allocation Rate) 10M(50%)->10M(50%)
[2024-02-26T18:07:41.255+0300][info][gc] GC(41) Garbage Collection (Allocation Rate) 10M(50%)->10M(50%)
[2024-02-26T18:07:41.351+0300][info][gc] GC(42) Garbage Collection (Allocation Rate) 10M(50%)->10M(50%)
[2024-02-26T18:07:41.450+0300][info][gc] GC(43) Garbage Collection (Allocation Rate) 10M(50%)->10M(50%)
[2024-02-26T18:07:41.658+0300][info][gc] GC(44) Garbage Collection (Allocation Rate) 10M(50%)->10M(50%)
[2024-02-26T18:07:41.757+0300][info][gc] GC(45) Garbage Collection (Allocation Rate) 10M(50%)->10M(50%)
[2024-02-26T18:07:41.852+0300][info][gc] GC(46) Garbage Collection (Allocation Rate) 10M(50%)->10M(50%)
[2024-02-26T18:07:41.943+0300][info][gc] GC(47) Garbage Collection (Allocation Rate) 12M(60%)->10M(50%)
[2024-02-26T18:07:42.049+0300][info][gc] GC(48) Garbage Collection (Allocation Rate) 10M(50%)->10M(50%)
[2024-02-26T18:07:42.150+0300][info][gc] GC(49) Garbage Collection (Allocation Rate) 10M(50%)->10M(50%)
[2024-02-26T18:07:42.251+0300][info][gc] GC(50) Garbage Collection (Allocation Rate) 10M(50%)->10M(50%)
[2024-02-26T18:07:42.351+0300][info][gc] GC(51) Garbage Collection (Allocation Rate) 10M(50%)->10M(50%)
[2024-02-26T18:07:42.450+0300][info][gc] GC(52) Garbage Collection (Allocation Rate) 10M(50%)->10M(50%)
[2024-02-26T18:07:43.456+0300][info][gc] GC(53) Garbage Collection (Proactive) 12M(60%)->10M(50%)
[2024-02-26T18:07:44.957+0300][info][gc] GC(54) Garbage Collection (Proactive) 12M(60%)->10M(50%)
[2024-02-26T18:07:46.470+0300][info][gc] GC(55) Garbage Collection (Proactive) 12M(60%)->10M(50%)
[2024-02-26T18:07:49.261+0300][info][gc] GC(56) Garbage Collection (Proactive) 12M(60%)->10M(50%)
[2024-02-26T18:07:51.468+0300][info][gc] GC(57) Garbage Collection (Proactive) 12M(60%)->10M(50%)
[2024-02-26T18:07:53.570+0300][info][gc] GC(58) Garbage Collection (Proactive) 12M(60%)->10M(50%)
[2024-02-26T18:07:55.957+0300][info][gc] GC(59) Garbage Collection (Proactive) 12M(60%)->12M(60%)
[2024-02-26T18:08:03.753+0300][info][gc] GC(60) Garbage Collection (Proactive) 14M(70%)->12M(60%)
[2024-02-26T18:08:14.060+0300][info][gc] GC(61) Garbage Collection (Proactive) 14M(70%)->10M(50%)
[2024-02-26T18:08:15.939+0300][info][gc] GC(62) Garbage Collection (Proactive) 14M(70%)->12M(60%)
[2024-02-26T18:08:17.839+0300][info][gc] GC(63) Garbage Collection (Proactive) 14M(70%)->12M(60%)
[2024-02-26T18:08:19.154+0300][info][gc] GC(64) Garbage Collection (Proactive) 14M(70%)->10M(50%)
[2024-02-26T18:08:20.957+0300][info][gc] GC(65) Garbage Collection (Proactive) 12M(60%)->10M(50%)
[2024-02-26T18:08:22.657+0300][info][gc] GC(66) Garbage Collection (Proactive) 12M(60%)->10M(50%)
[2024-02-26T18:08:25.362+0300][info][gc] GC(67) Garbage Collection (Proactive) 12M(60%)->10M(50%)
[2024-02-26T18:08:28.358+0300][info][gc] GC(68) Garbage Collection (Proactive) 12M(60%)->10M(50%)
[2024-02-26T18:08:30.554+0300][info][gc] GC(69) Garbage Collection (Proactive) 12M(60%)->10M(50%)
[2024-02-26T18:08:32.357+0300][info][gc] GC(70) Garbage Collection (Proactive) 12M(60%)->10M(50%)
[2024-02-26T18:08:33.856+0300][info][gc] GC(71) Garbage Collection (Proactive) 12M(60%)->10M(50%)
[2024-02-26T18:08:35.357+0300][info][gc] GC(72) Garbage Collection (Proactive) 12M(60%)->10M(50%)
[2024-02-26T18:08:36.744+0300][info][gc] GC(73) Garbage Collection (Proactive) 12M(60%)->10M(50%)
[2024-02-26T18:08:38.463+0300][info][gc] GC(74) Garbage Collection (Proactive) 12M(60%)->10M(50%)
[2024-02-26T18:08:40.770+0300][info][gc] GC(75) Garbage Collection (Proactive) 12M(60%)->10M(50%)
[2024-02-26T18:08:44.366+0300][info][gc] GC(76) Garbage Collection (Proactive) 12M(60%)->10M(50%)
[2024-02-26T18:08:47.968+0300][info][gc] GC(77) Garbage Collection (Proactive) 12M(60%)->10M(50%)
[2024-02-26T18:08:50.956+0300][info][gc] GC(78) Garbage Collection (Proactive) 12M(60%)->10M(50%)
[2024-02-26T18:08:53.570+0300][info][gc] GC(79) Garbage Collection (Proactive) 12M(60%)->10M(50%)
[2024-02-26T18:08:56.268+0300][info][gc] GC(80) Garbage Collection (Proactive) 12M(60%)->10M(50%)
[2024-02-26T18:08:58.660+0300][info][gc] GC(81) Garbage Collection (Proactive) 12M(60%)->10M(50%)
[2024-02-26T18:09:00.964+0300][info][gc] GC(82) Garbage Collection (Proactive) 12M(60%)->10M(50%)
[2024-02-26T18:09:02.863+0300][info][gc] GC(83) Garbage Collection (Proactive) 12M(60%)->14M(70%)
[2024-02-26T18:09:13.245+0300][info][gc] GC(84) Garbage Collection (Proactive) 16M(80%)->12M(60%)
[2024-02-26T18:09:15.444+0300][info][gc] GC(85) Garbage Collection (Proactive) 14M(70%)->12M(60%)
[2024-02-26T18:09:16.945+0300][info][gc] GC(86) Garbage Collection (Proactive) 14M(70%)->12M(60%)
[2024-02-26T18:09:18.042+0300][info][gc] GC(87) Garbage Collection (Proactive) 14M(70%)->12M(60%)
[2024-02-26T18:09:18.843+0300][info][gc] GC(88) Garbage Collection (Proactive) 14M(70%)->12M(60%)
[2024-02-26T18:09:19.543+0300][info][gc] GC(89) Garbage Collection (Proactive) 14M(70%)->12M(60%)
[2024-02-26T18:09:20.243+0300][info][gc] GC(90) Garbage Collection (Proactive) 14M(70%)->12M(60%)
[2024-02-26T18:09:21.242+0300][info][gc] GC(91) Garbage Collection (Proactive) 14M(70%)->12M(60%)
[2024-02-26T18:09:22.238+0300][info][gc] GC(92) Garbage Collection (Proactive) 14M(70%)->12M(60%)
[2024-02-26T18:09:23.241+0300][info][gc] GC(93) Garbage Collection (Proactive) 14M(70%)->12M(60%)
[2024-02-26T18:09:24.243+0300][info][gc] GC(94) Garbage Collection (Proactive) 14M(70%)->12M(60%)
[2024-02-26T18:09:25.240+0300][info][gc] GC(95) Garbage Collection (Proactive) 14M(70%)->14M(70%)
[2024-02-26T18:09:41.344+0300][info][gc] GC(96) Garbage Collection (Proactive) 16M(80%)->12M(60%)
[2024-02-26T18:09:42.343+0300][info][gc] GC(97) Garbage Collection (Proactive) 14M(70%)->12M(60%)
[2024-02-26T18:09:43.341+0300][info][gc] GC(98) Garbage Collection (Proactive) 14M(70%)->12M(60%)
[2024-02-26T18:09:44.342+0300][info][gc] GC(99) Garbage Collection (Proactive) 14M(70%)->12M(60%)
[2024-02-26T18:09:45.339+0300][info][gc] GC(100) Garbage Collection (Proactive) 14M(70%)->12M(60%)
[2024-02-26T18:09:46.343+0300][info][gc] GC(101) Garbage Collection (Proactive) 14M(70%)->12M(60%)
[2024-02-26T18:09:47.339+0300][info][gc] GC(102) Garbage Collection (Proactive) 14M(70%)->12M(60%)
[2024-02-26T18:09:48.338+0300][info][gc] GC(103) Garbage Collection (Proactive) 14M(70%)->12M(60%)
[2024-02-26T18:09:49.343+0300][info][gc] GC(104) Garbage Collection (Proactive) 14M(70%)->12M(60%)
[2024-02-26T18:09:50.340+0300][info][gc] GC(105) Garbage Collection (Proactive) 14M(70%)->12M(60%)
[2024-02-26T18:09:51.343+0300][info][gc] GC(106) Garbage Collection (Proactive) 14M(70%)->12M(60%)
[2024-02-26T18:09:52.343+0300][info][gc] GC(107) Garbage Collection (Proactive) 14M(70%)->12M(60%)
[2024-02-26T18:09:53.340+0300][info][gc] GC(108) Garbage Collection (Proactive) 14M(70%)->12M(60%)
[2024-02-26T18:09:54.343+0300][info][gc] GC(109) Garbage Collection (Proactive) 14M(70%)->14M(70%)
[2024-02-26T18:10:08.441+0300][info][gc] GC(110) Garbage Collection (Proactive) 16M(80%)->12M(60%)
[2024-02-26T18:10:09.444+0300][info][gc] GC(111) Garbage Collection (Proactive) 14M(70%)->12M(60%)
[2024-02-26T18:10:10.444+0300][info][gc] GC(112) Garbage Collection (Proactive) 14M(70%)->12M(60%)
[2024-02-26T18:10:11.443+0300][info][gc] GC(113) Garbage Collection (Proactive) 14M(70%)->12M(60%)
[2024-02-26T18:10:12.444+0300][info][gc] GC(114) Garbage Collection (Proactive) 14M(70%)->12M(60%)
[2024-02-26T18:10:13.443+0300][info][gc] GC(115) Garbage Collection (Proactive) 14M(70%)->12M(60%)
[2024-02-26T18:10:14.443+0300][info][gc] GC(116) Garbage Collection (Proactive) 14M(70%)->12M(60%)
[2024-02-26T18:10:14.944+0300][info][gc] GC(117) Garbage Collection (Proactive) 14M(70%)->12M(60%)
[2024-02-26T18:10:15.544+0300][info][gc] GC(118) Garbage Collection (Proactive) 14M(70%)->12M(60%)
[2024-02-26T18:10:16.443+0300][info][gc] GC(119) Garbage Collection (Proactive) 14M(70%)->12M(60%)
[2024-02-26T18:10:17.444+0300][info][gc] GC(120) Garbage Collection (Proactive) 14M(70%)->12M(60%)
[2024-02-26T18:10:18.442+0300][info][gc] GC(121) Garbage Collection (Proactive) 14M(70%)->12M(60%)
[2024-02-26T18:10:19.440+0300][info][gc] GC(122) Garbage Collection (Proactive) 14M(70%)->12M(60%)
[2024-02-26T18:10:19.945+0300][info][gc] GC(123) Garbage Collection (Proactive) 14M(70%)->10M(50%)
[2024-02-26T18:10:20.546+0300][info][gc] GC(124) Garbage Collection (Proactive) 12M(60%)->10M(50%)
[2024-02-26T18:10:21.464+0300][info][gc] GC(125) Garbage Collection (Proactive) 12M(60%)->12M(60%)
[2024-02-26T18:10:38.567+0300][info][gc] GC(126) Garbage Collection (Proactive) 14M(70%)->10M(50%)
[2024-02-26T18:10:41.168+0300][info][gc] GC(127) Garbage Collection (Proactive) 12M(60%)->10M(50%)
[2024-02-26T18:10:43.571+0300][info][gc] GC(128) Garbage Collection (Proactive) 12M(60%)->10M(50%)
[2024-02-26T18:10:45.773+0300][info][gc] GC(129) Garbage Collection (Proactive) 12M(60%)->10M(50%)
[2024-02-26T18:10:47.959+0300][info][gc] GC(130) Garbage Collection (Proactive) 12M(60%)->10M(50%)
[2024-02-26T18:10:50.158+0300][info][gc] GC(131) Garbage Collection (Proactive) 12M(60%)->10M(50%)
[2024-02-26T18:10:52.062+0300][info][gc] GC(132) Garbage Collection (Proactive) 12M(60%)->10M(50%)
[2024-02-26T18:10:53.758+0300][info][gc] GC(133) Garbage Collection (Proactive) 12M(60%)->10M(50%)
[2024-02-26T18:10:55.268+0300][info][gc] GC(134) Garbage Collection (Proactive) 12M(60%)->10M(50%)
[2024-02-26T18:10:57.570+0300][info][gc] GC(135) Garbage Collection (Proactive) 12M(60%)->12M(60%)
